npm warn config ignoring workspace config at E:\VS-projects\job-app-assistant\server/.npmrc
src/utils/batchProcessor.ts(100,30): error TS2345: Argument of type 'Awaited<R> | undefined' is not assignable to parameter of type 'R'.
  'R' could be instantiated with an arbitrary type which could be unrelated to 'Awaited<R> | undefined'.
src/utils/batchProcessor.ts(105,21): error TS2322: Type 'Error | undefined' is not assignable to type 'Error'.
  Type 'undefined' is not assignable to type 'Error'.
